=== 2026-07-29T17:33:52.539Z ===
inputSize=256px
format=png
targetOutput=192px
quality=sharp
model=fsrcnn_256x_512x.tflite
modelInput=256x256
modelOutput=512x512
model loaded OK
resized to 256x256
inputB64 len=29312
decoded RGBA len=262400
decoded first px: R=255 G=255 B=255 A=255
rgbIn len=196608 first3=[1.000,1.000,1.000]
runSync returned 1 tensors
outBytes len=786432
outBytes type=Float32Array
expected len=786432 (for 512x512x3)
outBytes[0..5]=[0.4821,0.4868,0.4848,0.4803,0.4840,0.4818]
outBytes range (first 100): [0.4757, 0.4868]
rgba first px: R=123 G=124 B=124 A=255
rgba center px: R=121 G=123 B=122
pngData len=1533
result b64 len=2044
result starts: iVBORw0KGgoAAAANSUhEUgAAAgAAAAIACAMAAADDpiTIAAAAAX...
SUCCESS

